
 /----------------------------------------------------------------------------\
 |                                                                            |
 |  yosys -- Yosys Open SYnthesis Suite                                       |
 |                                                                            |
 |  Copyright (C) 2012 - 2020  Claire Xenia Wolf <claire@yosyshq.com>         |
 |                                                                            |
 |  Permission to use, copy, modify, and/or distribute this software for any  |
 |  purpose with or without fee is hereby granted, provided that the above    |
 |  copyright notice and this permission notice appear in all copies.         |
 |                                                                            |
 |  THE SOFTWARE IS PROVIDED "AS IS" AND THE AUTHOR DISCLAIMS ALL WARRANTIES  |
 |  WITH REGARD TO THIS SOFTWARE INCLUDING ALL IMPLIED WARRANTIES OF          |
 |  MERCHANTABILITY AND FITNESS. IN NO EVENT SHALL THE AUTHOR BE LIABLE FOR   |
 |  ANY SPECIAL, DIRECT, INDIRECT, OR CONSEQUENTIAL DAMAGES OR ANY DAMAGES    |
 |  WHATSOEVER RESULTING FROM LOSS OF USE, DATA OR PROFITS, WHETHER IN AN     |
 |  ACTION OF CONTRACT, NEGLIGENCE OR OTHER TORTIOUS ACTION, ARISING OUT OF   |
 |  OR IN CONNECTION WITH THE USE OR PERFORMANCE OF THIS SOFTWARE.            |
 |                                                                            |
 \----------------------------------------------------------------------------/

 Yosys 0.33 (git sha1 2584903a060)


-- Executing script file `../model/design.ys' --

1. Executing Verilog-2005 frontend: cpu_bus_adapter.v
Parsing formal Verilog input from `cpu_bus_adapter.v' to AST representation.
Generating RTLIL representation for module `\cpu_bus_adapter'.
Successfully finished Verilog frontend.

2. Executing Verilog-2005 frontend: cpu_bus_adapter_formal.v
Parsing formal Verilog input from `cpu_bus_adapter_formal.v' to AST representation.
Generating RTLIL representation for module `\cpu_bus_adapter_formal'.
Successfully finished Verilog frontend.

3. Executing PREP pass.

3.1. Executing HIERARCHY pass (managing design hierarchy).

3.1.1. Analyzing design hierarchy..
Top module:  \cpu_bus_adapter_formal
Used module:     \cpu_bus_adapter

3.1.2. Analyzing design hierarchy..
Top module:  \cpu_bus_adapter_formal
Used module:     \cpu_bus_adapter
Removed 0 unused modules.
Module cpu_bus_adapter_formal directly or indirectly contains formal properties -> setting "keep" attribute.

3.2. Executing PROC pass (convert processes to netlists).

3.2.1. Executing PROC_CLEAN pass (remove empty switches from decision trees).
Cleaned up 0 empty switches.

3.2.2. Executing PROC_RMDEAD pass (remove dead branches from decision trees).
Removed a total of 0 dead cases.

3.2.3. Executing PROC_PRUNE pass (remove redundant assignments in processes).
Removed 0 redundant assignments.
Promoted 14 assignments to connections.

3.2.4. Executing PROC_INIT pass (extract init attributes).

3.2.5. Executing PROC_ARST pass (detect async resets in processes).

3.2.6. Executing PROC_ROM pass (convert switches to ROMs).
Converted 0 switches.

3.2.7. Executing PROC_MUX pass (convert decision trees to multiplexers).
Creating decoders for process `\cpu_bus_adapter_formal.$proc$cpu_bus_adapter_formal.v:48$9'.

3.2.8. Executing PROC_DLATCH pass (convert process syncs to latches).
No latch inferred for signal `\cpu_bus_adapter_formal.$formal$cpu_bus_adapter_formal.v:48$2_CHECK' from process `\cpu_bus_adapter_formal.$proc$cpu_bus_adapter_formal.v:48$9'.
No latch inferred for signal `\cpu_bus_adapter_formal.$formal$cpu_bus_adapter_formal.v:48$2_EN' from process `\cpu_bus_adapter_formal.$proc$cpu_bus_adapter_formal.v:48$9'.
No latch inferred for signal `\cpu_bus_adapter_formal.$formal$cpu_bus_adapter_formal.v:50$3_CHECK' from process `\cpu_bus_adapter_formal.$proc$cpu_bus_adapter_formal.v:48$9'.
No latch inferred for signal `\cpu_bus_adapter_formal.$formal$cpu_bus_adapter_formal.v:50$3_EN' from process `\cpu_bus_adapter_formal.$proc$cpu_bus_adapter_formal.v:48$9'.
No latch inferred for signal `\cpu_bus_adapter_formal.$formal$cpu_bus_adapter_formal.v:52$4_CHECK' from process `\cpu_bus_adapter_formal.$proc$cpu_bus_adapter_formal.v:48$9'.
No latch inferred for signal `\cpu_bus_adapter_formal.$formal$cpu_bus_adapter_formal.v:52$4_EN' from process `\cpu_bus_adapter_formal.$proc$cpu_bus_adapter_formal.v:48$9'.
No latch inferred for signal `\cpu_bus_adapter_formal.$formal$cpu_bus_adapter_formal.v:54$5_CHECK' from process `\cpu_bus_adapter_formal.$proc$cpu_bus_adapter_formal.v:48$9'.
No latch inferred for signal `\cpu_bus_adapter_formal.$formal$cpu_bus_adapter_formal.v:54$5_EN' from process `\cpu_bus_adapter_formal.$proc$cpu_bus_adapter_formal.v:48$9'.
No latch inferred for signal `\cpu_bus_adapter_formal.$formal$cpu_bus_adapter_formal.v:56$6_CHECK' from process `\cpu_bus_adapter_formal.$proc$cpu_bus_adapter_formal.v:48$9'.
No latch inferred for signal `\cpu_bus_adapter_formal.$formal$cpu_bus_adapter_formal.v:56$6_EN' from process `\cpu_bus_adapter_formal.$proc$cpu_bus_adapter_formal.v:48$9'.
No latch inferred for signal `\cpu_bus_adapter_formal.$formal$cpu_bus_adapter_formal.v:58$7_CHECK' from process `\cpu_bus_adapter_formal.$proc$cpu_bus_adapter_formal.v:48$9'.
No latch inferred for signal `\cpu_bus_adapter_formal.$formal$cpu_bus_adapter_formal.v:58$7_EN' from process `\cpu_bus_adapter_formal.$proc$cpu_bus_adapter_formal.v:48$9'.
No latch inferred for signal `\cpu_bus_adapter_formal.$formal$cpu_bus_adapter_formal.v:60$8_CHECK' from process `\cpu_bus_adapter_formal.$proc$cpu_bus_adapter_formal.v:48$9'.
No latch inferred for signal `\cpu_bus_adapter_formal.$formal$cpu_bus_adapter_formal.v:60$8_EN' from process `\cpu_bus_adapter_formal.$proc$cpu_bus_adapter_formal.v:48$9'.

3.2.9. Executing PROC_DFF pass (convert process syncs to FFs).

3.2.10. Executing PROC_MEMWR pass (convert process memory writes to cells).

3.2.11. Executing PROC_CLEAN pass (remove empty switches from decision trees).
Removing empty process `cpu_bus_adapter_formal.$proc$cpu_bus_adapter_formal.v:48$9'.
Cleaned up 0 empty switches.

3.2.12. Executing OPT_EXPR pass (perform const folding).
Optimizing module cpu_bus_adapter_formal.
Optimizing module cpu_bus_adapter.

3.3. Executing OPT_EXPR pass (perform const folding).
Optimizing module cpu_bus_adapter_formal.
Optimizing module cpu_bus_adapter.

3.4. Executing OPT_CLEAN pass (remove unused cells and wires).
Finding unused cells or wires in module \cpu_bus_adapter_formal..
Finding unused cells or wires in module \cpu_bus_adapter..
Removed 0 unused cells and 29 unused wires.
<suppressed ~2 debug messages>

3.5. Executing CHECK pass (checking for obvious problems).
Checking module cpu_bus_adapter...
Checking module cpu_bus_adapter_formal...
Warning: Wire cpu_bus_adapter_formal.\mem_instr is used but has no driver.
Warning: Wire cpu_bus_adapter_formal.\m_rdata [31] is used but has no driver.
Warning: Wire cpu_bus_adapter_formal.\m_rdata [30] is used but has no driver.
Warning: Wire cpu_bus_adapter_formal.\m_rdata [29] is used but has no driver.
Warning: Wire cpu_bus_adapter_formal.\m_rdata [28] is used but has no driver.
Warning: Wire cpu_bus_adapter_formal.\m_rdata [27] is used but has no driver.
Warning: Wire cpu_bus_adapter_formal.\m_rdata [26] is used but has no driver.
Warning: Wire cpu_bus_adapter_formal.\m_rdata [25] is used but has no driver.
Warning: Wire cpu_bus_adapter_formal.\m_rdata [24] is used but has no driver.
Warning: Wire cpu_bus_adapter_formal.\m_rdata [23] is used but has no driver.
Warning: Wire cpu_bus_adapter_formal.\m_rdata [22] is used but has no driver.
Warning: Wire cpu_bus_adapter_formal.\m_rdata [21] is used but has no driver.
Warning: Wire cpu_bus_adapter_formal.\m_rdata [20] is used but has no driver.
Warning: Wire cpu_bus_adapter_formal.\m_rdata [19] is used but has no driver.
Warning: Wire cpu_bus_adapter_formal.\m_rdata [18] is used but has no driver.
Warning: Wire cpu_bus_adapter_formal.\m_rdata [17] is used but has no driver.
Warning: Wire cpu_bus_adapter_formal.\m_rdata [16] is used but has no driver.
Warning: Wire cpu_bus_adapter_formal.\m_rdata [15] is used but has no driver.
Warning: Wire cpu_bus_adapter_formal.\m_rdata [14] is used but has no driver.
Warning: Wire cpu_bus_adapter_formal.\m_rdata [13] is used but has no driver.
Warning: Wire cpu_bus_adapter_formal.\m_rdata [12] is used but has no driver.
Warning: Wire cpu_bus_adapter_formal.\m_rdata [11] is used but has no driver.
Warning: Wire cpu_bus_adapter_formal.\m_rdata [10] is used but has no driver.
Warning: Wire cpu_bus_adapter_formal.\m_rdata [9] is used but has no driver.
Warning: Wire cpu_bus_adapter_formal.\m_rdata [8] is used but has no driver.
Warning: Wire cpu_bus_adapter_formal.\m_rdata [7] is used but has no driver.
Warning: Wire cpu_bus_adapter_formal.\m_rdata [6] is used but has no driver.
Warning: Wire cpu_bus_adapter_formal.\m_rdata [5] is used but has no driver.
Warning: Wire cpu_bus_adapter_formal.\m_rdata [4] is used but has no driver.
Warning: Wire cpu_bus_adapter_formal.\m_rdata [3] is used but has no driver.
Warning: Wire cpu_bus_adapter_formal.\m_rdata [2] is used but has no driver.
Warning: Wire cpu_bus_adapter_formal.\m_rdata [1] is used but has no driver.
Warning: Wire cpu_bus_adapter_formal.\m_rdata [0] is used but has no driver.
Warning: Wire cpu_bus_adapter_formal.\m_ready is used but has no driver.
Warning: Wire cpu_bus_adapter_formal.\mem_wstrb [3] is used but has no driver.
Warning: Wire cpu_bus_adapter_formal.\mem_wstrb [2] is used but has no driver.
Warning: Wire cpu_bus_adapter_formal.\mem_wstrb [1] is used but has no driver.
Warning: Wire cpu_bus_adapter_formal.\mem_wstrb [0] is used but has no driver.
Warning: Wire cpu_bus_adapter_formal.\mem_wdata [31] is used but has no driver.
Warning: Wire cpu_bus_adapter_formal.\mem_wdata [30] is used but has no driver.
Warning: Wire cpu_bus_adapter_formal.\mem_wdata [29] is used but has no driver.
Warning: Wire cpu_bus_adapter_formal.\mem_wdata [28] is used but has no driver.
Warning: Wire cpu_bus_adapter_formal.\mem_wdata [27] is used but has no driver.
Warning: Wire cpu_bus_adapter_formal.\mem_wdata [26] is used but has no driver.
Warning: Wire cpu_bus_adapter_formal.\mem_wdata [25] is used but has no driver.
Warning: Wire cpu_bus_adapter_formal.\mem_wdata [24] is used but has no driver.
Warning: Wire cpu_bus_adapter_formal.\mem_wdata [23] is used but has no driver.
Warning: Wire cpu_bus_adapter_formal.\mem_wdata [22] is used but has no driver.
Warning: Wire cpu_bus_adapter_formal.\mem_wdata [21] is used but has no driver.
Warning: Wire cpu_bus_adapter_formal.\mem_wdata [20] is used but has no driver.
Warning: Wire cpu_bus_adapter_formal.\mem_wdata [19] is used but has no driver.
Warning: Wire cpu_bus_adapter_formal.\mem_wdata [18] is used but has no driver.
Warning: Wire cpu_bus_adapter_formal.\mem_wdata [17] is used but has no driver.
Warning: Wire cpu_bus_adapter_formal.\mem_wdata [16] is used but has no driver.
Warning: Wire cpu_bus_adapter_formal.\mem_wdata [15] is used but has no driver.
Warning: Wire cpu_bus_adapter_formal.\mem_wdata [14] is used but has no driver.
Warning: Wire cpu_bus_adapter_formal.\mem_wdata [13] is used but has no driver.
Warning: Wire cpu_bus_adapter_formal.\mem_wdata [12] is used but has no driver.
Warning: Wire cpu_bus_adapter_formal.\mem_wdata [11] is used but has no driver.
Warning: Wire cpu_bus_adapter_formal.\mem_wdata [10] is used but has no driver.
Warning: Wire cpu_bus_adapter_formal.\mem_wdata [9] is used but has no driver.
Warning: Wire cpu_bus_adapter_formal.\mem_wdata [8] is used but has no driver.
Warning: Wire cpu_bus_adapter_formal.\mem_wdata [7] is used but has no driver.
Warning: Wire cpu_bus_adapter_formal.\mem_wdata [6] is used but has no driver.
Warning: Wire cpu_bus_adapter_formal.\mem_wdata [5] is used but has no driver.
Warning: Wire cpu_bus_adapter_formal.\mem_wdata [4] is used but has no driver.
Warning: Wire cpu_bus_adapter_formal.\mem_wdata [3] is used but has no driver.
Warning: Wire cpu_bus_adapter_formal.\mem_wdata [2] is used but has no driver.
Warning: Wire cpu_bus_adapter_formal.\mem_wdata [1] is used but has no driver.
Warning: Wire cpu_bus_adapter_formal.\mem_wdata [0] is used but has no driver.
Warning: Wire cpu_bus_adapter_formal.\mem_addr [31] is used but has no driver.
Warning: Wire cpu_bus_adapter_formal.\mem_addr [30] is used but has no driver.
Warning: Wire cpu_bus_adapter_formal.\mem_addr [29] is used but has no driver.
Warning: Wire cpu_bus_adapter_formal.\mem_addr [28] is used but has no driver.
Warning: Wire cpu_bus_adapter_formal.\mem_addr [27] is used but has no driver.
Warning: Wire cpu_bus_adapter_formal.\mem_addr [26] is used but has no driver.
Warning: Wire cpu_bus_adapter_formal.\mem_addr [25] is used but has no driver.
Warning: Wire cpu_bus_adapter_formal.\mem_addr [24] is used but has no driver.
Warning: Wire cpu_bus_adapter_formal.\mem_addr [23] is used but has no driver.
Warning: Wire cpu_bus_adapter_formal.\mem_addr [22] is used but has no driver.
Warning: Wire cpu_bus_adapter_formal.\mem_addr [21] is used but has no driver.
Warning: Wire cpu_bus_adapter_formal.\mem_addr [20] is used but has no driver.
Warning: Wire cpu_bus_adapter_formal.\mem_addr [19] is used but has no driver.
Warning: Wire cpu_bus_adapter_formal.\mem_addr [18] is used but has no driver.
Warning: Wire cpu_bus_adapter_formal.\mem_addr [17] is used but has no driver.
Warning: Wire cpu_bus_adapter_formal.\mem_addr [16] is used but has no driver.
Warning: Wire cpu_bus_adapter_formal.\mem_addr [15] is used but has no driver.
Warning: Wire cpu_bus_adapter_formal.\mem_addr [14] is used but has no driver.
Warning: Wire cpu_bus_adapter_formal.\mem_addr [13] is used but has no driver.
Warning: Wire cpu_bus_adapter_formal.\mem_addr [12] is used but has no driver.
Warning: Wire cpu_bus_adapter_formal.\mem_addr [11] is used but has no driver.
Warning: Wire cpu_bus_adapter_formal.\mem_addr [10] is used but has no driver.
Warning: Wire cpu_bus_adapter_formal.\mem_addr [9] is used but has no driver.
Warning: Wire cpu_bus_adapter_formal.\mem_addr [8] is used but has no driver.
Warning: Wire cpu_bus_adapter_formal.\mem_addr [7] is used but has no driver.
Warning: Wire cpu_bus_adapter_formal.\mem_addr [6] is used but has no driver.
Warning: Wire cpu_bus_adapter_formal.\mem_addr [5] is used but has no driver.
Warning: Wire cpu_bus_adapter_formal.\mem_addr [4] is used but has no driver.
Warning: Wire cpu_bus_adapter_formal.\mem_addr [3] is used but has no driver.
Warning: Wire cpu_bus_adapter_formal.\mem_addr [2] is used but has no driver.
Warning: Wire cpu_bus_adapter_formal.\mem_addr [1] is used but has no driver.
Warning: Wire cpu_bus_adapter_formal.\mem_addr [0] is used but has no driver.
Warning: Wire cpu_bus_adapter_formal.\mem_valid is used but has no driver.
Found and reported 103 problems.

3.6. Executing OPT pass (performing simple optimizations).

3.6.1. Executing OPT_EXPR pass (perform const folding).
Optimizing module cpu_bus_adapter.
Optimizing module cpu_bus_adapter_formal.

3.6.2. Executing OPT_MERGE pass (detect identical cells).
Finding identical cells in module `\cpu_bus_adapter'.
Finding identical cells in module `\cpu_bus_adapter_formal'.
Removed a total of 0 cells.

3.6.3. Executing OPT_MUXTREE pass (detect dead branches in mux trees).
Running muxtree optimizer on module \cpu_bus_adapter..
  Creating internal representation of mux trees.
  No muxes found in this module.
Running muxtree optimizer on module \cpu_bus_adapter_formal..
  Creating internal representation of mux trees.
  No muxes found in this module.
Removed 0 multiplexer ports.

3.6.4. Executing OPT_REDUCE pass (consolidate $*mux and $reduce_* inputs).
  Optimizing cells in module \cpu_bus_adapter.
  Optimizing cells in module \cpu_bus_adapter_formal.
Performed a total of 0 changes.

3.6.5. Executing OPT_MERGE pass (detect identical cells).
Finding identical cells in module `\cpu_bus_adapter'.
Finding identical cells in module `\cpu_bus_adapter_formal'.
Removed a total of 0 cells.

3.6.6. Executing OPT_CLEAN pass (remove unused cells and wires).
Finding unused cells or wires in module \cpu_bus_adapter..
Finding unused cells or wires in module \cpu_bus_adapter_formal..

3.6.7. Executing OPT_EXPR pass (perform const folding).
Optimizing module cpu_bus_adapter.
Optimizing module cpu_bus_adapter_formal.

3.6.8. Finished OPT passes. (There is nothing left to do.)

3.7. Executing WREDUCE pass (reducing word size of cells).

3.8. Executing OPT_CLEAN pass (remove unused cells and wires).
Finding unused cells or wires in module \cpu_bus_adapter..
Finding unused cells or wires in module \cpu_bus_adapter_formal..

3.9. Executing MEMORY_COLLECT pass (generating $mem cells).

3.10. Executing OPT pass (performing simple optimizations).

3.10.1. Executing OPT_EXPR pass (perform const folding).
Optimizing module cpu_bus_adapter.
Optimizing module cpu_bus_adapter_formal.

3.10.2. Executing OPT_MERGE pass (detect identical cells).
Finding identical cells in module `\cpu_bus_adapter'.
Finding identical cells in module `\cpu_bus_adapter_formal'.
Removed a total of 0 cells.

3.10.3. Executing OPT_CLEAN pass (remove unused cells and wires).
Finding unused cells or wires in module \cpu_bus_adapter..
Finding unused cells or wires in module \cpu_bus_adapter_formal..

3.10.4. Finished fast OPT passes.

3.11. Printing statistics.

=== cpu_bus_adapter ===

   Number of wires:                 14
   Number of wire bits:            206
   Number of public wires:          14
   Number of public wire bits:     206
   Number of memories:               0
   Number of memory bits:            0
   Number of processes:              0
   Number of cells:                  1
     $reduce_or                      1

=== cpu_bus_adapter_formal ===

   Number of wires:                 22
   Number of wire bits:            214
   Number of public wires:          14
   Number of public wire bits:     206
   Number of memories:               0
   Number of memory bits:            0
   Number of processes:              0
   Number of cells:                 16
     $assert                         7
     $eq                             7
     $reduce_or                      1
     cpu_bus_adapter                 1

=== design hierarchy ===

   cpu_bus_adapter_formal            1
     cpu_bus_adapter                 1

   Number of wires:                 36
   Number of wire bits:            420
   Number of public wires:          28
   Number of public wire bits:     412
   Number of memories:               0
   Number of memory bits:            0
   Number of processes:              0
   Number of cells:                 16
     $assert                         7
     $eq                             7
     $reduce_or                      2

3.12. Executing CHECK pass (checking for obvious problems).
Checking module cpu_bus_adapter...
Checking module cpu_bus_adapter_formal...
Warning: Wire cpu_bus_adapter_formal.\mem_instr is used but has no driver.
Warning: Wire cpu_bus_adapter_formal.\m_rdata [31] is used but has no driver.
Warning: Wire cpu_bus_adapter_formal.\m_rdata [30] is used but has no driver.
Warning: Wire cpu_bus_adapter_formal.\m_rdata [29] is used but has no driver.
Warning: Wire cpu_bus_adapter_formal.\m_rdata [28] is used but has no driver.
Warning: Wire cpu_bus_adapter_formal.\m_rdata [27] is used but has no driver.
Warning: Wire cpu_bus_adapter_formal.\m_rdata [26] is used but has no driver.
Warning: Wire cpu_bus_adapter_formal.\m_rdata [25] is used but has no driver.
Warning: Wire cpu_bus_adapter_formal.\m_rdata [24] is used but has no driver.
Warning: Wire cpu_bus_adapter_formal.\m_rdata [23] is used but has no driver.
Warning: Wire cpu_bus_adapter_formal.\m_rdata [22] is used but has no driver.
Warning: Wire cpu_bus_adapter_formal.\m_rdata [21] is used but has no driver.
Warning: Wire cpu_bus_adapter_formal.\m_rdata [20] is used but has no driver.
Warning: Wire cpu_bus_adapter_formal.\m_rdata [19] is used but has no driver.
Warning: Wire cpu_bus_adapter_formal.\m_rdata [18] is used but has no driver.
Warning: Wire cpu_bus_adapter_formal.\m_rdata [17] is used but has no driver.
Warning: Wire cpu_bus_adapter_formal.\m_rdata [16] is used but has no driver.
Warning: Wire cpu_bus_adapter_formal.\m_rdata [15] is used but has no driver.
Warning: Wire cpu_bus_adapter_formal.\m_rdata [14] is used but has no driver.
Warning: Wire cpu_bus_adapter_formal.\m_rdata [13] is used but has no driver.
Warning: Wire cpu_bus_adapter_formal.\m_rdata [12] is used but has no driver.
Warning: Wire cpu_bus_adapter_formal.\m_rdata [11] is used but has no driver.
Warning: Wire cpu_bus_adapter_formal.\m_rdata [10] is used but has no driver.
Warning: Wire cpu_bus_adapter_formal.\m_rdata [9] is used but has no driver.
Warning: Wire cpu_bus_adapter_formal.\m_rdata [8] is used but has no driver.
Warning: Wire cpu_bus_adapter_formal.\m_rdata [7] is used but has no driver.
Warning: Wire cpu_bus_adapter_formal.\m_rdata [6] is used but has no driver.
Warning: Wire cpu_bus_adapter_formal.\m_rdata [5] is used but has no driver.
Warning: Wire cpu_bus_adapter_formal.\m_rdata [4] is used but has no driver.
Warning: Wire cpu_bus_adapter_formal.\m_rdata [3] is used but has no driver.
Warning: Wire cpu_bus_adapter_formal.\m_rdata [2] is used but has no driver.
Warning: Wire cpu_bus_adapter_formal.\m_rdata [1] is used but has no driver.
Warning: Wire cpu_bus_adapter_formal.\m_rdata [0] is used but has no driver.
Warning: Wire cpu_bus_adapter_formal.\m_ready is used but has no driver.
Warning: Wire cpu_bus_adapter_formal.\mem_wstrb [3] is used but has no driver.
Warning: Wire cpu_bus_adapter_formal.\mem_wstrb [2] is used but has no driver.
Warning: Wire cpu_bus_adapter_formal.\mem_wstrb [1] is used but has no driver.
Warning: Wire cpu_bus_adapter_formal.\mem_wstrb [0] is used but has no driver.
Warning: Wire cpu_bus_adapter_formal.\mem_wdata [31] is used but has no driver.
Warning: Wire cpu_bus_adapter_formal.\mem_wdata [30] is used but has no driver.
Warning: Wire cpu_bus_adapter_formal.\mem_wdata [29] is used but has no driver.
Warning: Wire cpu_bus_adapter_formal.\mem_wdata [28] is used but has no driver.
Warning: Wire cpu_bus_adapter_formal.\mem_wdata [27] is used but has no driver.
Warning: Wire cpu_bus_adapter_formal.\mem_wdata [26] is used but has no driver.
Warning: Wire cpu_bus_adapter_formal.\mem_wdata [25] is used but has no driver.
Warning: Wire cpu_bus_adapter_formal.\mem_wdata [24] is used but has no driver.
Warning: Wire cpu_bus_adapter_formal.\mem_wdata [23] is used but has no driver.
Warning: Wire cpu_bus_adapter_formal.\mem_wdata [22] is used but has no driver.
Warning: Wire cpu_bus_adapter_formal.\mem_wdata [21] is used but has no driver.
Warning: Wire cpu_bus_adapter_formal.\mem_wdata [20] is used but has no driver.
Warning: Wire cpu_bus_adapter_formal.\mem_wdata [19] is used but has no driver.
Warning: Wire cpu_bus_adapter_formal.\mem_wdata [18] is used but has no driver.
Warning: Wire cpu_bus_adapter_formal.\mem_wdata [17] is used but has no driver.
Warning: Wire cpu_bus_adapter_formal.\mem_wdata [16] is used but has no driver.
Warning: Wire cpu_bus_adapter_formal.\mem_wdata [15] is used but has no driver.
Warning: Wire cpu_bus_adapter_formal.\mem_wdata [14] is used but has no driver.
Warning: Wire cpu_bus_adapter_formal.\mem_wdata [13] is used but has no driver.
Warning: Wire cpu_bus_adapter_formal.\mem_wdata [12] is used but has no driver.
Warning: Wire cpu_bus_adapter_formal.\mem_wdata [11] is used but has no driver.
Warning: Wire cpu_bus_adapter_formal.\mem_wdata [10] is used but has no driver.
Warning: Wire cpu_bus_adapter_formal.\mem_wdata [9] is used but has no driver.
Warning: Wire cpu_bus_adapter_formal.\mem_wdata [8] is used but has no driver.
Warning: Wire cpu_bus_adapter_formal.\mem_wdata [7] is used but has no driver.
Warning: Wire cpu_bus_adapter_formal.\mem_wdata [6] is used but has no driver.
Warning: Wire cpu_bus_adapter_formal.\mem_wdata [5] is used but has no driver.
Warning: Wire cpu_bus_adapter_formal.\mem_wdata [4] is used but has no driver.
Warning: Wire cpu_bus_adapter_formal.\mem_wdata [3] is used but has no driver.
Warning: Wire cpu_bus_adapter_formal.\mem_wdata [2] is used but has no driver.
Warning: Wire cpu_bus_adapter_formal.\mem_wdata [1] is used but has no driver.
Warning: Wire cpu_bus_adapter_formal.\mem_wdata [0] is used but has no driver.
Warning: Wire cpu_bus_adapter_formal.\mem_addr [31] is used but has no driver.
Warning: Wire cpu_bus_adapter_formal.\mem_addr [30] is used but has no driver.
Warning: Wire cpu_bus_adapter_formal.\mem_addr [29] is used but has no driver.
Warning: Wire cpu_bus_adapter_formal.\mem_addr [28] is used but has no driver.
Warning: Wire cpu_bus_adapter_formal.\mem_addr [27] is used but has no driver.
Warning: Wire cpu_bus_adapter_formal.\mem_addr [26] is used but has no driver.
Warning: Wire cpu_bus_adapter_formal.\mem_addr [25] is used but has no driver.
Warning: Wire cpu_bus_adapter_formal.\mem_addr [24] is used but has no driver.
Warning: Wire cpu_bus_adapter_formal.\mem_addr [23] is used but has no driver.
Warning: Wire cpu_bus_adapter_formal.\mem_addr [22] is used but has no driver.
Warning: Wire cpu_bus_adapter_formal.\mem_addr [21] is used but has no driver.
Warning: Wire cpu_bus_adapter_formal.\mem_addr [20] is used but has no driver.
Warning: Wire cpu_bus_adapter_formal.\mem_addr [19] is used but has no driver.
Warning: Wire cpu_bus_adapter_formal.\mem_addr [18] is used but has no driver.
Warning: Wire cpu_bus_adapter_formal.\mem_addr [17] is used but has no driver.
Warning: Wire cpu_bus_adapter_formal.\mem_addr [16] is used but has no driver.
Warning: Wire cpu_bus_adapter_formal.\mem_addr [15] is used but has no driver.
Warning: Wire cpu_bus_adapter_formal.\mem_addr [14] is used but has no driver.
Warning: Wire cpu_bus_adapter_formal.\mem_addr [13] is used but has no driver.
Warning: Wire cpu_bus_adapter_formal.\mem_addr [12] is used but has no driver.
Warning: Wire cpu_bus_adapter_formal.\mem_addr [11] is used but has no driver.
Warning: Wire cpu_bus_adapter_formal.\mem_addr [10] is used but has no driver.
Warning: Wire cpu_bus_adapter_formal.\mem_addr [9] is used but has no driver.
Warning: Wire cpu_bus_adapter_formal.\mem_addr [8] is used but has no driver.
Warning: Wire cpu_bus_adapter_formal.\mem_addr [7] is used but has no driver.
Warning: Wire cpu_bus_adapter_formal.\mem_addr [6] is used but has no driver.
Warning: Wire cpu_bus_adapter_formal.\mem_addr [5] is used but has no driver.
Warning: Wire cpu_bus_adapter_formal.\mem_addr [4] is used but has no driver.
Warning: Wire cpu_bus_adapter_formal.\mem_addr [3] is used but has no driver.
Warning: Wire cpu_bus_adapter_formal.\mem_addr [2] is used but has no driver.
Warning: Wire cpu_bus_adapter_formal.\mem_addr [1] is used but has no driver.
Warning: Wire cpu_bus_adapter_formal.\mem_addr [0] is used but has no driver.
Warning: Wire cpu_bus_adapter_formal.\mem_valid is used but has no driver.
Found and reported 103 problems.

4. Executing HIERARCHY pass (managing design hierarchy).

4.1. Analyzing design hierarchy..
Top module:  \cpu_bus_adapter_formal
Used module:     \cpu_bus_adapter

4.2. Analyzing design hierarchy..
Top module:  \cpu_bus_adapter_formal
Used module:     \cpu_bus_adapter
Removed 0 unused modules.
Module cpu_bus_adapter_formal directly or indirectly contains formal properties -> setting "keep" attribute.

5. Executing jny backend.

6. Executing RTLIL backend.
Output filename: ../model/design.il

Warnings: 103 unique messages, 206 total
End of script. Logfile hash: 44a9ed9a30, CPU: user 0.08s system 0.10s, MEM: 16.79 MB peak
Yosys 0.33 (git sha1 2584903a060)
Time spent: 27% 2x check (0 sec), 16% 4x read_verilog (0 sec), ...
