
 /----------------------------------------------------------------------------\
 |                                                                            |
 |  yosys -- Yosys Open SYnthesis Suite                                       |
 |                                                                            |
 |  Copyright (C) 2012 - 2020  Claire Xenia Wolf <claire@yosyshq.com>         |
 |                                                                            |
 |  Permission to use, copy, modify, and/or distribute this software for any  |
 |  purpose with or without fee is hereby granted, provided that the above    |
 |  copyright notice and this permission notice appear in all copies.         |
 |                                                                            |
 |  THE SOFTWARE IS PROVIDED "AS IS" AND THE AUTHOR DISCLAIMS ALL WARRANTIES  |
 |  WITH REGARD TO THIS SOFTWARE INCLUDING ALL IMPLIED WARRANTIES OF          |
 |  MERCHANTABILITY AND FITNESS. IN NO EVENT SHALL THE AUTHOR BE LIABLE FOR   |
 |  ANY SPECIAL, DIRECT, INDIRECT, OR CONSEQUENTIAL DAMAGES OR ANY DAMAGES    |
 |  WHATSOEVER RESULTING FROM LOSS OF USE, DATA OR PROFITS, WHETHER IN AN     |
 |  ACTION OF CONTRACT, NEGLIGENCE OR OTHER TORTIOUS ACTION, ARISING OUT OF   |
 |  OR IN CONNECTION WITH THE USE OR PERFORMANCE OF THIS SOFTWARE.            |
 |                                                                            |
 \----------------------------------------------------------------------------/

 Yosys 0.33 (git sha1 2584903a060)


-- Executing script file `design_smt2.ys' --

1. Executing RTLIL frontend.
Input filename: design_prep.il

2. Executing HIERARCHY pass (managing design hierarchy).

2.1. Analyzing design hierarchy..
Top module:  \soc_mem_interconnect_formal
Used module:     \soc_mem_interconnect

2.2. Analyzing design hierarchy..
Top module:  \soc_mem_interconnect_formal
Used module:     \soc_mem_interconnect
Removed 0 unused modules.
Module soc_mem_interconnect_formal directly or indirectly contains formal properties -> setting "keep" attribute.

3. Executing FORMALFF pass.

4. Executing DFFUNMAP pass (unmap clock enable and synchronous reset from FFs).

5. Printing statistics.

=== soc_mem_interconnect_formal ===

   Number of wires:                 81
   Number of wire bits:            369
   Number of public wires:          36
   Number of public wire bits:     324
   Number of memories:               0
   Number of memory bits:            0
   Number of processes:              0
   Number of cells:                162
     $anyseq                       100
     $assert                        16
     $eq                            13
     $logic_and                      6
     $logic_not                      6
     $mux                           20
     soc_mem_interconnect            1

=== soc_mem_interconnect ===

   Number of wires:                 32
   Number of wire bits:            416
   Number of public wires:          23
   Number of public wire bits:     311
   Number of memories:               0
   Number of memory bits:            0
   Number of processes:              0
   Number of cells:                 23
     $eq                             1
     $logic_and                      2
     $logic_not                      1
     $mux                           19

=== design hierarchy ===

   soc_mem_interconnect_formal       1
     soc_mem_interconnect            1

   Number of wires:                113
   Number of wire bits:            785
   Number of public wires:          59
   Number of public wire bits:     635
   Number of memories:               0
   Number of memory bits:            0
   Number of processes:              0
   Number of cells:                184
     $anyseq                       100
     $assert                        16
     $eq                            14
     $logic_and                      8
     $logic_not                      7
     $mux                           39

6. Executing SMT2 backend.

6.1. Executing BMUXMAP pass.

6.2. Executing DEMUXMAP pass.
Creating SMT-LIBv2 representation of module soc_mem_interconnect.
Creating SMT-LIBv2 representation of module soc_mem_interconnect_formal.

End of script. Logfile hash: f1b488ccae, CPU: user 0.02s system 0.03s, MEM: 16.89 MB peak
Yosys 0.33 (git sha1 2584903a060)
Time spent: 61% 2x write_smt2 (0 sec), 31% 2x read_rtlil (0 sec), ...
