Copyright 1986-2020 Xilinx, Inc. All Rights Reserved.
---------------------------------------------------------------------------------------
| Tool Version : Vivado v.2020.1 (win64) Build 2902540 Wed May 27 19:54:49 MDT 2020
| Date         : Fri Aug  7 09:28:27 2026
| Host         : Envy running 64-bit major release  (build 9200)
| Command      : report_control_sets -verbose -file cb_wrapper_control_sets_placed.rpt
| Design       : cb_wrapper
| Device       : xc7z020
---------------------------------------------------------------------------------------

Control Set Information

Table of Contents
-----------------
1. Summary
2. Histogram
3. Flip-Flop Distribution
4. Detailed Control Set Information

1. Summary
----------

+----------------------------------------------------------+-------+
|                          Status                          | Count |
+----------------------------------------------------------+-------+
| Total control sets                                       |    66 |
|    Minimum number of control sets                        |    66 |
|    Addition due to synthesis replication                 |     0 |
|    Addition due to physical synthesis replication        |     0 |
| Unused register locations in slices containing registers |   180 |
+----------------------------------------------------------+-------+
* Control sets can be merged at opt_design using control_set_merge or merge_equivalent_drivers
** Run report_qor_suggestions for automated merging and remapping suggestions


2. Histogram
------------

+--------------------+-------+
|       Fanout       | Count |
+--------------------+-------+
| Total control sets |    66 |
| >= 0 to < 4        |     1 |
| >= 4 to < 6        |    27 |
| >= 6 to < 8        |     1 |
| >= 8 to < 10       |     1 |
| >= 10 to < 12      |     1 |
| >= 12 to < 14      |    10 |
| >= 14 to < 16      |     4 |
| >= 16              |    21 |
+--------------------+-------+
* Control sets can be remapped at either synth_design or opt_design


3. Flip-Flop Distribution
-------------------------

+--------------+-----------------------+------------------------+-----------------+--------------+
| Clock Enable | Synchronous Set/Reset | Asynchronous Set/Reset | Total Registers | Total Slices |
+--------------+-----------------------+------------------------+-----------------+--------------+
| No           | No                    | No                     |             183 |           76 |
| No           | No                    | Yes                    |              19 |            6 |
| No           | Yes                   | No                     |             241 |           71 |
| Yes          | No                    | No                     |             445 |           94 |
| Yes          | No                    | Yes                    |              39 |           10 |
| Yes          | Yes                   | No                     |             181 |           47 |
+--------------+-----------------------+------------------------+-----------------+--------------+


4. Detailed Control Set Information
-----------------------------------

+-------------------------------------------+----------------------------------------------------------------------------------------------------------------------------------------------------------+-------------------------------------------------------------------------------------------------------------------------------+------------------+----------------+--------------+
|                Clock Signal               |                                                                       Enable Signal                                                                      |                                                        Set/Reset Signal                                                       | Slice Load Count | Bel Load Count | Bels / Slice |
+-------------------------------------------+----------------------------------------------------------------------------------------------------------------------------------------------------------+-------------------------------------------------------------------------------------------------------------------------------+------------------+----------------+--------------+
|  cb_i/processing_system7_0/inst/FCLK_CLK0 | cb_i/ps7_0_axi_periph/s00_couplers/auto_pc/inst/gen_axilite.gen_b2s_conv.axilite_b2s/WR.b_channel_0/bid_fifo_0/bresp_push                                |                                                                                                                               |                1 |              2 |         2.00 |
|  cb_i/processing_system7_0/inst/FCLK_CLK0 |                                                                                                                                                          | cb_i/ps7_0_axi_periph/s00_couplers/auto_pc/inst/gen_axilite.gen_b2s_conv.axilite_b2s/SI_REG/aw.aw_pipe/aresetn_d_reg[0]_0     |                2 |              4 |         2.00 |
|  cb_i/processing_system7_0/inst/FCLK_CLK0 |                                                                                                                                                          | cb_i/axi_gpio_2/U0/AXI_LITE_IPIF_I/I_SLAVE_ATTACHMENT/clear                                                                   |                1 |              4 |         4.00 |
|  cb_i/clk_wiz_0/inst/clk_out2             | cb_i/vdp_native_slave_0/inst/reg_color[23]_i_1_n_0                                                                                                       | cb_i/vdp_native_slave_0/inst/u_vga_timing/Not_Dual.gpio_Data_Out_reg[0]                                                       |                1 |              4 |         4.00 |
|  cb_i/processing_system7_0/inst/FCLK_CLK0 |                                                                                                                                                          | cb_i/axi_gpio_3/U0/AXI_LITE_IPIF_I/I_SLAVE_ATTACHMENT/clear                                                                   |                1 |              4 |         4.00 |
|  cb_i/clk_wiz_0/inst/clk_out2             | cb_i/vdp_native_slave_0/inst/reg_color[7]_i_1_n_0                                                                                                        | cb_i/vdp_native_slave_0/inst/u_vga_timing/Not_Dual.gpio_Data_Out_reg[0]                                                       |                1 |              4 |         4.00 |
|  cb_i/clk_wiz_0/inst/clk_out2             | cb_i/vdp_native_slave_0/inst/reg_color[15]_i_1_n_0                                                                                                       | cb_i/vdp_native_slave_0/inst/u_vga_timing/Not_Dual.gpio_Data_Out_reg[0]                                                       |                2 |              4 |         2.00 |
|  cb_i/processing_system7_0/inst/FCLK_CLK0 | cb_i/axi_gpio_resetn/U0/AXI_LITE_IPIF_I/I_SLAVE_ATTACHMENT/start2                                                                                        | cb_i/axi_gpio_resetn/U0/AXI_LITE_IPIF_I/I_SLAVE_ATTACHMENT/I_DECODER/cs_ce_clr                                                |                1 |              4 |         4.00 |
|  cb_i/processing_system7_0/inst/FCLK_CLK0 | cb_i/axi_gpio_0/U0/AXI_LITE_IPIF_I/I_SLAVE_ATTACHMENT/start2                                                                                             | cb_i/axi_gpio_0/U0/AXI_LITE_IPIF_I/I_SLAVE_ATTACHMENT/I_DECODER/cs_ce_clr                                                     |                1 |              4 |         4.00 |
|  cb_i/processing_system7_0/inst/FCLK_CLK0 |                                                                                                                                                          | cb_i/axi_gpio_1/U0/AXI_LITE_IPIF_I/I_SLAVE_ATTACHMENT/clear                                                                   |                1 |              4 |         4.00 |
|  cb_i/processing_system7_0/inst/FCLK_CLK0 |                                                                                                                                                          | cb_i/axi_gpio_0/U0/AXI_LITE_IPIF_I/I_SLAVE_ATTACHMENT/clear                                                                   |                1 |              4 |         4.00 |
|  cb_i/clk_wiz_0/inst/clk_out2             |                                                                                                                                                          | cb_i/vdp_native_slave_0/inst/u_vga_timing/Not_Dual.gpio_Data_Out_reg[0]                                                       |                3 |              4 |         1.33 |
|  cb_i/processing_system7_0/inst/FCLK_CLK0 |                                                                                                                                                          | cb_i/axi_gpio_resetn/U0/AXI_LITE_IPIF_I/I_SLAVE_ATTACHMENT/clear                                                              |                1 |              4 |         4.00 |
|  cb_i/processing_system7_0/inst/FCLK_CLK0 |                                                                                                                                                          | cb_i/rst_ps7_0_100M/U0/EXT_LPF/lpf_int                                                                                        |                3 |              4 |         1.33 |
|  cb_i/processing_system7_0/inst/FCLK_CLK0 |                                                                                                                                                          | cb_i/ps7_0_axi_periph/s00_couplers/auto_pc/inst/gen_axilite.gen_b2s_conv.axilite_b2s/SI_REG/ar.ar_pipe/aresetn_d_reg[1]_inv_0 |                1 |              4 |         4.00 |
|  cb_i/processing_system7_0/inst/FCLK_CLK0 | cb_i/axi_gpio_2/U0/AXI_LITE_IPIF_I/I_SLAVE_ATTACHMENT/bus2ip_addr_i[8]_i_1_n_0                                                                           | cb_i/axi_gpio_2/U0/AXI_LITE_IPIF_I/I_SLAVE_ATTACHMENT/SS[0]                                                                   |                2 |              4 |         2.00 |
|  cb_i/processing_system7_0/inst/FCLK_CLK0 | cb_i/axi_gpio_2/U0/AXI_LITE_IPIF_I/I_SLAVE_ATTACHMENT/start2                                                                                             | cb_i/axi_gpio_2/U0/AXI_LITE_IPIF_I/I_SLAVE_ATTACHMENT/I_DECODER/cs_ce_clr                                                     |                1 |              4 |         4.00 |
|  cb_i/processing_system7_0/inst/FCLK_CLK0 | cb_i/axi_gpio_3/U0/AXI_LITE_IPIF_I/I_SLAVE_ATTACHMENT/I_DECODER/E[0]                                                                                     | cb_i/axi_gpio_3/U0/AXI_LITE_IPIF_I/I_SLAVE_ATTACHMENT/SR[0]                                                                   |                1 |              4 |         4.00 |
|  cb_i/processing_system7_0/inst/FCLK_CLK0 | cb_i/axi_gpio_3/U0/AXI_LITE_IPIF_I/I_SLAVE_ATTACHMENT/bus2ip_addr_i[8]_i_1_n_0                                                                           | cb_i/axi_gpio_3/U0/AXI_LITE_IPIF_I/I_SLAVE_ATTACHMENT/SR[0]                                                                   |                2 |              4 |         2.00 |
|  cb_i/processing_system7_0/inst/FCLK_CLK0 | cb_i/axi_gpio_3/U0/AXI_LITE_IPIF_I/I_SLAVE_ATTACHMENT/start2                                                                                             | cb_i/axi_gpio_3/U0/AXI_LITE_IPIF_I/I_SLAVE_ATTACHMENT/I_DECODER/cs_ce_clr                                                     |                1 |              4 |         4.00 |
|  cb_i/processing_system7_0/inst/FCLK_CLK0 | cb_i/axi_gpio_resetn/U0/AXI_LITE_IPIF_I/I_SLAVE_ATTACHMENT/bus2ip_addr_i[8]_i_1_n_0                                                                      | cb_i/axi_gpio_resetn/U0/AXI_LITE_IPIF_I/I_SLAVE_ATTACHMENT/SS[0]                                                              |                1 |              4 |         4.00 |
|  cb_i/processing_system7_0/inst/FCLK_CLK0 | cb_i/axi_gpio_1/U0/AXI_LITE_IPIF_I/I_SLAVE_ATTACHMENT/bus2ip_addr_i[8]_i_1_n_0                                                                           | cb_i/axi_gpio_1/U0/AXI_LITE_IPIF_I/I_SLAVE_ATTACHMENT/SR[0]                                                                   |                1 |              4 |         4.00 |
|  cb_i/processing_system7_0/inst/FCLK_CLK0 | cb_i/axi_gpio_1/U0/AXI_LITE_IPIF_I/I_SLAVE_ATTACHMENT/start2                                                                                             | cb_i/axi_gpio_1/U0/AXI_LITE_IPIF_I/I_SLAVE_ATTACHMENT/I_DECODER/cs_ce_clr                                                     |                1 |              4 |         4.00 |
|  cb_i/processing_system7_0/inst/FCLK_CLK0 | cb_i/axi_gpio_0/U0/AXI_LITE_IPIF_I/I_SLAVE_ATTACHMENT/bus2ip_addr_i[8]_i_1_n_0                                                                           | cb_i/axi_gpio_0/U0/AXI_LITE_IPIF_I/I_SLAVE_ATTACHMENT/SR[0]                                                                   |                1 |              4 |         4.00 |
|  cb_i/processing_system7_0/inst/FCLK_CLK0 |                                                                                                                                                          | cb_i/axi_gpio_3/U0/AXI_LITE_IPIF_I/I_SLAVE_ATTACHMENT/I_DECODER/bus2ip_rnw_i_reg_0                                            |                1 |              5 |         5.00 |
|  cb_i/processing_system7_0/inst/FCLK_CLK0 | cb_i/ps7_0_axi_periph/s00_couplers/auto_pc/inst/gen_axilite.gen_b2s_conv.axilite_b2s/RD.r_channel_0/transaction_fifo_0/cnt_read[4]_i_1__0_n_0            | cb_i/ps7_0_axi_periph/s00_couplers/auto_pc/inst/gen_axilite.gen_b2s_conv.axilite_b2s/areset_d1                                |                2 |              5 |         2.50 |
|  cb_i/processing_system7_0/inst/FCLK_CLK0 | cb_i/ps7_0_axi_periph/s00_couplers/auto_pc/inst/gen_axilite.gen_b2s_conv.axilite_b2s/RD.r_channel_0/rd_data_fifo_0/cnt_read[4]_i_1_n_0                   | cb_i/ps7_0_axi_periph/s00_couplers/auto_pc/inst/gen_axilite.gen_b2s_conv.axilite_b2s/areset_d1                                |                1 |              5 |         5.00 |
|  cb_i/processing_system7_0/inst/FCLK_CLK0 | cb_i/axi_gpio_3/U0/AXI_LITE_IPIF_I/I_SLAVE_ATTACHMENT/s_axi_rresp_i                                                                                      | cb_i/axi_gpio_3/U0/AXI_LITE_IPIF_I/I_SLAVE_ATTACHMENT/SR[0]                                                                   |                2 |              5 |         2.50 |
|  cb_i/processing_system7_0/inst/FCLK_CLK0 | cb_i/rst_ps7_0_100M/U0/SEQ/seq_cnt_en                                                                                                                    | cb_i/rst_ps7_0_100M/U0/SEQ/SEQ_COUNTER/clear                                                                                  |                1 |              6 |         6.00 |
|  cb_i/processing_system7_0/inst/FCLK_CLK0 | cb_i/ps7_0_axi_periph/s00_couplers/auto_pc/inst/gen_axilite.gen_b2s_conv.axilite_b2s/WR.b_channel_0/mhandshake_r                                         | cb_i/ps7_0_axi_periph/s00_couplers/auto_pc/inst/gen_axilite.gen_b2s_conv.axilite_b2s/WR.b_channel_0/bid_fifo_0/SR[0]          |                2 |              8 |         4.00 |
|  cb_i/processing_system7_0/inst/FCLK_CLK0 |                                                                                                                                                          | cb_i/ps7_0_axi_periph/s00_couplers/auto_pc/inst/gen_axilite.gen_b2s_conv.axilite_b2s/areset_d1                                |                4 |             10 |         2.50 |
|  cb_i/processing_system7_0/inst/FCLK_CLK0 |                                                                                                                                                          | cb_i/axi_gpio_1/U0/gpio_core_1/Read_Reg_Rst__0                                                                                |                2 |             12 |         6.00 |
|  cb_i/processing_system7_0/inst/FCLK_CLK0 | cb_i/axi_gpio_1/U0/AXI_LITE_IPIF_I/I_SLAVE_ATTACHMENT/I_DECODER/E[0]                                                                                     | cb_i/axi_gpio_1/U0/AXI_LITE_IPIF_I/I_SLAVE_ATTACHMENT/SR[0]                                                                   |                4 |             12 |         3.00 |
|  cb_i/clk_wiz_0/inst/clk_out1             | cb_i/vdp_native_slave_0/inst/u_vga_timing/v_cnt[11]_i_1_n_0                                                                                              | cb_i/vdp_native_slave_0/inst/u_vga_timing/Not_Dual.gpio_Data_Out_reg[0]                                                       |                2 |             12 |         6.00 |
|  cb_i/processing_system7_0/inst/FCLK_CLK0 | cb_i/ps7_0_axi_periph/s00_couplers/auto_pc/inst/gen_axilite.gen_b2s_conv.axilite_b2s/WR.aw_channel_0/aw_cmd_fsm_0/FSM_sequential_state_reg[1]_0[0]       |                                                                                                                               |                4 |             12 |         3.00 |
|  cb_i/processing_system7_0/inst/FCLK_CLK0 | cb_i/ps7_0_axi_periph/s00_couplers/auto_pc/inst/gen_axilite.gen_b2s_conv.axilite_b2s/RD.ar_channel_0/ar_cmd_fsm_0/E[0]                                   |                                                                                                                               |                5 |             12 |         2.40 |
|  cb_i/processing_system7_0/inst/FCLK_CLK0 | cb_i/ps7_0_axi_periph/s00_couplers/auto_pc/inst/gen_axilite.gen_b2s_conv.axilite_b2s/RD.ar_channel_0/ar_cmd_fsm_0/sel_first_reg_1[0]                     |                                                                                                                               |                3 |             12 |         4.00 |
|  cb_i/processing_system7_0/inst/FCLK_CLK0 | cb_i/ps7_0_axi_periph/s00_couplers/auto_pc/inst/gen_axilite.gen_b2s_conv.axilite_b2s/WR.aw_channel_0/cmd_translator_0/incr_cmd_0/axaddr_incr[11]_i_1_n_0 |                                                                                                                               |                3 |             12 |         4.00 |
|  cb_i/processing_system7_0/inst/FCLK_CLK0 |                                                                                                                                                          | cb_i/ps7_0_axi_periph/xbar/inst/gen_sasd.crossbar_sasd_0/addr_arbiter_inst/SR[0]                                              |                4 |             13 |         3.25 |
|  cb_i/processing_system7_0/inst/FCLK_CLK0 | cb_i/ps7_0_axi_periph/s00_couplers/auto_pc/inst/gen_axilite.gen_b2s_conv.axilite_b2s/RD.r_channel_0/r_push_r                                             |                                                                                                                               |                4 |             13 |         3.25 |
|  cb_i/processing_system7_0/inst/FCLK_CLK0 | cb_i/axi_gpio_1/U0/AXI_LITE_IPIF_I/I_SLAVE_ATTACHMENT/s_axi_rresp_i                                                                                      | cb_i/axi_gpio_1/U0/AXI_LITE_IPIF_I/I_SLAVE_ATTACHMENT/SR[0]                                                                   |                2 |             13 |         6.50 |
|  cb_i/processing_system7_0/inst/FCLK_CLK0 | cb_i/ps7_0_axi_periph/s00_couplers/auto_pc/inst/gen_axilite.gen_b2s_conv.axilite_b2s/SI_REG/b.b_pipe/s_ready_i_reg_0                                     |                                                                                                                               |                4 |             14 |         3.50 |
|  cb_i/processing_system7_0/inst/FCLK_CLK0 | cb_i/ps7_0_axi_periph/s00_couplers/auto_pc/inst/gen_axilite.gen_b2s_conv.axilite_b2s/SI_REG/b.b_pipe/p_1_in                                              |                                                                                                                               |                2 |             14 |         7.00 |
|  cb_i/clk_wiz_0/inst/clk_out1             |                                                                                                                                                          | cb_i/vdp_native_slave_0/inst/u_vga_timing/Not_Dual.gpio_Data_Out_reg[0]                                                       |                3 |             15 |         5.00 |
|  cb_i/clk_wiz_0/inst/clk_out1             | cb_i/vdp_native_slave_0/inst/cfg_update_pulse                                                                                                            | cb_i/vdp_native_slave_0/inst/u_vga_timing/Not_Dual.gpio_Data_Out_reg[0]                                                       |                4 |             15 |         3.75 |
|  cb_i/processing_system7_0/inst/FCLK_CLK0 | cb_i/ps7_0_axi_periph/s00_couplers/auto_pc/inst/gen_axilite.gen_b2s_conv.axilite_b2s/WR.b_channel_0/bid_fifo_0/sel                                       |                                                                                                                               |                3 |             16 |         5.33 |
|  cb_i/processing_system7_0/inst/FCLK_CLK0 | cb_i/ps7_0_axi_periph/xbar/inst/gen_sasd.crossbar_sasd_0/addr_arbiter_inst/p_0_in1_in                                                                    | cb_i/ps7_0_axi_periph/xbar/inst/gen_sasd.crossbar_sasd_0/addr_arbiter_inst/SR[0]                                              |                6 |             19 |         3.17 |
|  cb_i/processing_system7_0/inst/FCLK_CLK0 |                                                                                                                                                          | cb_i/axi_gpio_resetn/U0/AXI_LITE_IPIF_I/I_SLAVE_ATTACHMENT/SS[0]                                                              |                5 |             20 |         4.00 |
|  cb_i/processing_system7_0/inst/FCLK_CLK0 |                                                                                                                                                          | cb_i/axi_gpio_3/U0/AXI_LITE_IPIF_I/I_SLAVE_ATTACHMENT/SR[0]                                                                   |                7 |             21 |         3.00 |
|  cb_i/processing_system7_0/inst/FCLK_CLK0 |                                                                                                                                                          | cb_i/axi_gpio_2/U0/AXI_LITE_IPIF_I/I_SLAVE_ATTACHMENT/SS[0]                                                                   |                7 |             21 |         3.00 |
|  cb_i/processing_system7_0/inst/FCLK_CLK0 | cb_i/ps7_0_axi_periph/s00_couplers/auto_pc/inst/gen_axilite.gen_b2s_conv.axilite_b2s/WR.aw_channel_0/aw_cmd_fsm_0/E[0]                                   |                                                                                                                               |                8 |             24 |         3.00 |
|  cb_i/processing_system7_0/inst/FCLK_CLK0 | cb_i/ps7_0_axi_periph/s00_couplers/auto_pc/inst/gen_axilite.gen_b2s_conv.axilite_b2s/RD.ar_channel_0/ar_cmd_fsm_0/m_valid_i_reg[0]                       |                                                                                                                               |                9 |             24 |         2.67 |
|  cb_i/processing_system7_0/inst/FCLK_CLK0 |                                                                                                                                                          | cb_i/axi_gpio_1/U0/AXI_LITE_IPIF_I/I_SLAVE_ATTACHMENT/SR[0]                                                                   |                9 |             28 |         3.11 |
|  cb_i/processing_system7_0/inst/FCLK_CLK0 | cb_i/axi_gpio_0/U0/AXI_LITE_IPIF_I/I_SLAVE_ATTACHMENT/s_axi_rresp_i                                                                                      | cb_i/axi_gpio_0/U0/AXI_LITE_IPIF_I/I_SLAVE_ATTACHMENT/SR[0]                                                                   |                6 |             32 |         5.33 |
|  cb_i/processing_system7_0/inst/FCLK_CLK0 | cb_i/axi_gpio_0/U0/AXI_LITE_IPIF_I/I_SLAVE_ATTACHMENT/I_DECODER/E[0]                                                                                     | cb_i/axi_gpio_0/U0/AXI_LITE_IPIF_I/I_SLAVE_ATTACHMENT/SR[0]                                                                   |                8 |             32 |         4.00 |
|  cb_i/processing_system7_0/inst/FCLK_CLK0 |                                                                                                                                                          | cb_i/axi_gpio_0/U0/gpio_core_1/Read_Reg_Rst__0                                                                                |                7 |             32 |         4.57 |
|  cb_i/processing_system7_0/inst/FCLK_CLK0 | cb_i/ps7_0_axi_periph/s00_couplers/auto_pc/inst/gen_axilite.gen_b2s_conv.axilite_b2s/RD.r_channel_0/rd_data_fifo_0/wr_en0                                |                                                                                                                               |                9 |             34 |         3.78 |
|  cb_i/processing_system7_0/inst/FCLK_CLK0 | cb_i/ps7_0_axi_periph/xbar/inst/gen_sasd.crossbar_sasd_0/addr_arbiter_inst/E[0]                                                                          |                                                                                                                               |                7 |             35 |         5.00 |
|  cb_i/processing_system7_0/inst/FCLK_CLK0 | cb_i/ps7_0_axi_periph/s00_couplers/auto_pc/inst/gen_axilite.gen_b2s_conv.axilite_b2s/SI_REG/r.r_pipe/p_1_in                                              |                                                                                                                               |                7 |             47 |         6.71 |
|  cb_i/processing_system7_0/inst/FCLK_CLK0 | cb_i/ps7_0_axi_periph/s00_couplers/auto_pc/inst/gen_axilite.gen_b2s_conv.axilite_b2s/SI_REG/r.r_pipe/s_ready_i_reg_0                                     |                                                                                                                               |               10 |             47 |         4.70 |
|  cb_i/processing_system7_0/inst/FCLK_CLK0 |                                                                                                                                                          | cb_i/axi_gpio_0/U0/AXI_LITE_IPIF_I/I_SLAVE_ATTACHMENT/SR[0]                                                                   |               14 |             47 |         3.36 |
|  cb_i/processing_system7_0/inst/FCLK_CLK0 | cb_i/ps7_0_axi_periph/s00_couplers/auto_pc/inst/gen_axilite.gen_b2s_conv.axilite_b2s/SI_REG/aw.aw_pipe/s_ready_i_reg_0                                   |                                                                                                                               |                8 |             48 |         6.00 |
|  cb_i/processing_system7_0/inst/FCLK_CLK0 | cb_i/ps7_0_axi_periph/s00_couplers/auto_pc/inst/gen_axilite.gen_b2s_conv.axilite_b2s/WR.b_channel_0/bid_fifo_0/E[0]                                      |                                                                                                                               |                7 |             48 |         6.86 |
|  cb_i/processing_system7_0/inst/FCLK_CLK0 | cb_i/ps7_0_axi_periph/s00_couplers/auto_pc/inst/gen_axilite.gen_b2s_conv.axilite_b2s/SI_REG/ar.ar_pipe/s_ready_i_reg_0                                   |                                                                                                                               |                9 |             48 |         5.33 |
|  cb_i/processing_system7_0/inst/FCLK_CLK0 | cb_i/ps7_0_axi_periph/s00_couplers/auto_pc/inst/gen_axilite.gen_b2s_conv.axilite_b2s/RD.ar_channel_0/ar_cmd_fsm_0/m_valid_i_reg_1[0]                     |                                                                                                                               |                8 |             48 |         6.00 |
|  cb_i/processing_system7_0/inst/FCLK_CLK0 |                                                                                                                                                          |                                                                                                                               |               77 |            184 |         2.39 |
+-------------------------------------------+----------------------------------------------------------------------------------------------------------------------------------------------------------+-------------------------------------------------------------------------------------------------------------------------------+------------------+----------------+--------------+


