Copyright 1986-2020 Xilinx, Inc. All Rights Reserved.
--------------------------------------------------------------------------------------------------------------------------------------------------------------------
| Tool Version : Vivado v.2020.1 (win64) Build 2902540 Wed May 27 19:54:49 MDT 2020
| Date         : Fri Aug  7 09:29:03 2026
| Host         : Envy running 64-bit major release  (build 9200)
| Command      : report_methodology -file cb_wrapper_methodology_drc_routed.rpt -pb cb_wrapper_methodology_drc_routed.pb -rpx cb_wrapper_methodology_drc_routed.rpx
| Design       : cb_wrapper
| Device       : xc7z020clg484-1
| Speed File   : -1
| Design State : Fully Routed
--------------------------------------------------------------------------------------------------------------------------------------------------------------------

Report Methodology

Table of Contents
-----------------
1. REPORT SUMMARY
2. REPORT DETAILS

1. REPORT SUMMARY
-----------------
            Netlist: netlist
          Floorplan: design_1
      Design limits: <entire design considered>
             Max violations: <unlimited>
             Violations found: 2
+-----------+----------+-------------------------------------------------------------------+------------+
| Rule      | Severity | Description                                                       | Violations |
+-----------+----------+-------------------------------------------------------------------+------------+
| TIMING-10 | Warning  | Missing property on synchronizer                                  | 1          |
| TIMING-47 | Warning  | False path or asynchronous clock group between synchronous clocks | 1          |
+-----------+----------+-------------------------------------------------------------------+------------+

2. REPORT DETAILS
-----------------
TIMING-10#1 Warning
Missing property on synchronizer  
One or more logic synchronizer has been detected between 2 clock domains but the synchronizer does not have the property ASYNC_REG defined on one or both registers. It is recommended to run report_cdc for a complete and detailed CDC coverage
Related violations: <none>

TIMING-47#1 Warning
False path or asynchronous clock group between synchronous clocks  
A Clock Group timing constraint is set between synchronous clocks clk_out2_cb_clk_wiz_0_2 and clk_out1_cb_clk_wiz_0_2 (see constraint position 5 in the Timing Constraint window in Vivado IDE). Masking entire synchronous clock domains via set_false_path or set_clock_groups may result in failure in hardware.
Related violations: <none>


